// Jest Snapshot v1, https://goo.gl/fbAQLP

exports[`should render ExpenseListItem 1`] = `
<div>
  <Link
    replace={false}
    to="/edit/2"
  >
    <h3>
      Description: 
      rent
       
    </h3>
  </Link>
  <p>
    Amount: 
    $3.00
    Created At: 
    December 28th, 1969
  </p>
</div>
`;
